// Jest Snapshot v1, https://goo.gl/fbAQLP

exports[`Library.vue renders a component via routing 1`] = `
<div
  id="app"
>
  <nav>
    <div>
      <div
        class="home-logo"
      >
        <a
          class="link-style-none router-link-exact-active router-link-active"
          href="/"
        >
          <h1>
            BookMarkLibrary
          </h1>
        </a>
      </div>
       
      <div>
        <ul
          class="list-style-none flex flex-items-center"
        >
          <li>
            <a
              class="manu"
              href="/bookmarks"
            >
              library
            </a>
          </li>
        </ul>
      </div>
    </div>
     
    <div
      class="authenticate flex-items-center"
    >
      <div>
        <p>
          Hi! test email
        </p>
      </div>
       
      <div
        class="logout-box"
      >
        <button
          class="logout"
        >
          Log out
        </button>
      </div>
       
      <div>
        <button
          class="register"
        >
          Sign Up
        </button>
      </div>
       
      <div>
        <button
          class="login"
        >
          Sign In
        </button>
      </div>
    </div>
  </nav>
   
  <section
    class="content"
  >
    <div>
      <aside
        class="side"
      >
        <ul>
          <span>
            test1
          </span>
        </ul>
        <ul>
          <span>
            test2
          </span>
        </ul>
      </aside>
       
      <main>
        <div>
          <input
            placeholder="url"
            style="width: 100%; font-size: 2rem; height: 2rem;"
            type="text"
          />
           
          <input
            placeholder="#tag"
            style="width: 100%; font-size: 2rem; height: 2rem;"
            type="text"
          />
           
          <button
            class="submit"
            style="font-weight: normal; font-size: 1.4rem; width: 8rem;"
          >
            Susbmit
          </button>
        </div>
         
        <div
          class="container"
        >
          <ul>
            <li>
              <div>
                <img
                  alt=""
                  src="https://cdn.qiita.com/assets/qiita-fb-2887e7b4aad86fd8c25cea84846f2236.png"
                />
                 
                <a
                  href="#"
                >
                  title
                </a>
              </div>
            </li>
          </ul>
        </div>
      </main>
    </div>
  </section>
</div>
`;
