// Jest Snapshot v1, https://goo.gl/fbAQLP

exports[`TagPenel Test render TagPenel view 1`] = `<aside class="side"></aside>`;
